// Vitest Snapshot v1, https://vitest.dev/guide/snapshot.html

exports[`formatDistance > matches snapshot for formatting stability 1`] = `
[
  "0 км",
  "1,0 км",
  "1,5 км",
  "1,23 км",
  "100,0 км",
]
`;

exports[`formatMoney > matches snapshot for formatting stability 1`] = `
[
  "0 ₽",
  "1 ₽",
  "1,5 ₽",
  "1,99 ₽",
  "10 ₽",
  "10 000 ₽",
]
`;
